
         /\      Grafana   /‾‾/  
    /\  /  \     |\  __   /  /   
   /  \/    \    | |/ /  /   ‾‾\ 
  /          \   |   (  |  (‾)  |
 / __________ \  |_|\_\  \_____/ 

     execution: local
        script: /tmp/k6-product-search.js
        output: -

     scenarios: (100.00%) 1 scenario, 10 max VUs, 2m30s max duration (incl. graceful stop):
              * run: 20 iterations for each of 10 VUs (maxDuration: 2m0s, gracefulStop: 30s)


running (0m01.0s), 10/10 VUs, 102 complete and 0 interrupted iterations
run    [  51% ] 10 VUs  0m01.0s/2m0s  102/200 iters, 20 per VU


  █ TOTAL RESULTS 

    checks_total.......: 200     111.616361/s
    checks_succeeded...: 100.00% 200 out of 200
    checks_failed......: 0.00%   0 out of 200

    ✓ status is 200

    CUSTOM
    ok_total.......................: 200    111.616361/s

    HTTP
    http_req_duration..............: avg=85.88ms med=82.09ms min=40.85ms max=132.43ms p(90)=115.79ms p(95)=123.28ms p(99)=126.96ms
      { expected_response:true }...: avg=85.88ms med=82.09ms min=40.85ms max=132.43ms p(90)=115.79ms p(95)=123.28ms p(99)=126.96ms
    http_req_failed................: 0.00%  0 out of 200
    http_reqs......................: 200    111.616361/s

    EXECUTION
    iteration_duration.............: avg=88.1ms  med=83.8ms  min=60.21ms max=132.51ms p(90)=117.17ms p(95)=123.33ms p(99)=126.99ms
    iterations.....................: 200    111.616361/s
    vus............................: 10     min=10       max=10
    vus_max........................: 10     min=10       max=10

    NETWORK
    data_received..................: 414 kB 231 kB/s
    data_sent......................: 18 kB  9.9 kB/s




running (0m01.8s), 00/10 VUs, 200 complete and 0 interrupted iterations
run  ✓ [ 100% ] 10 VUs  0m01.8s/2m0s  200/200 iters, 20 per VU
