
         /\      Grafana   /‾‾/  
    /\  /  \     |\  __   /  /   
   /  \/    \    | |/ /  /   ‾‾\ 
  /          \   |   (  |  (‾)  |
 / __________ \  |_|\_\  \_____/ 

     execution: local
        script: /tmp/k6-product-search.js
        output: -

     scenarios: (100.00%) 1 scenario, 10 max VUs, 2m30s max duration (incl. graceful stop):
              * run: 20 iterations for each of 10 VUs (maxDuration: 2m0s, gracefulStop: 30s)


running (0m01.0s), 10/10 VUs, 107 complete and 0 interrupted iterations
run    [  54% ] 10 VUs  0m01.0s/2m0s  107/200 iters, 20 per VU


  █ TOTAL RESULTS 

    checks_total.......: 200     115.927916/s
    checks_succeeded...: 100.00% 200 out of 200
    checks_failed......: 0.00%   0 out of 200

    ✓ status is 200

    CUSTOM
    ok_total.......................: 200    115.927916/s

    HTTP
    http_req_duration..............: avg=82.52ms med=81.09ms min=52.31ms max=123.8ms  p(90)=96.11ms p(95)=103.72ms p(99)=110.37ms
      { expected_response:true }...: avg=82.52ms med=81.09ms min=52.31ms max=123.8ms  p(90)=96.11ms p(95)=103.72ms p(99)=110.37ms
    http_req_failed................: 0.00%  0 out of 200
    http_reqs......................: 200    115.927916/s

    EXECUTION
    iteration_duration.............: avg=84.72ms med=81.85ms min=61.47ms max=169.79ms p(90)=99.1ms  p(95)=105.85ms p(99)=153.64ms
    iterations.....................: 200    115.927916/s
    vus............................: 10     min=10       max=10
    vus_max........................: 10     min=10       max=10

    NETWORK
    data_received..................: 316 kB 183 kB/s
    data_sent......................: 20 kB  12 kB/s




running (0m01.7s), 00/10 VUs, 200 complete and 0 interrupted iterations
run  ✓ [ 100% ] 10 VUs  0m01.7s/2m0s  200/200 iters, 20 per VU
